node.exe : D:\CBL Platform Project\ca
seflow\apps\api\src\routes\auth.ts:5
At line:1 char:1
+ & "C:\Program 
Files\nodejs/node.exe" "C:\Program 
Files\nodejs/node_mo ...
+ ~~~~~~~~~~~~~~~~~~~~~~~~~~~~~~~~~~~
~~~~~~~~~~~~~~~~~~~~~~~~~~~~~~~~~~
    + CategoryInfo          : NotSpe 
   cified: (D:\CBL Platform...outes  
  \auth.ts:5:String) [], RemoteExc   
 eption
    + FullyQualifiedErrorId : Native 
   CommandError
 
import { prisma } from '@caseflow/db'
         ^
SyntaxError: The requested module 
'@caseflow/db' does not provide an 
export named 'prisma'
    at #asyncInstantiate (node:intern
al/modules/esm/module_job:319:21)
    at async ModuleJob.run (node:inte
rnal/modules/esm/module_job:422:5)
    at async 
onImport.tracePromise.__proto__ (node
:internal/modules/esm/loader:655:26)
    at async 
asyncRunEntryPointWithESMLoader (node
:internal/modules/run_main:101:5)

Node.js v25.6.1
