≡ƒÜÇ Caseflow API running on http://localhost:4000
<-- POST /auth/login
node.exe : Unhandled error: 
SyntaxError: Expected property name 
or '}' in JSON at position 1 (line 
1 column 2)
At line:1 char:1
+ & "C:\Program 
Files\nodejs/node.exe" "C:\Program 
Files\nodejs/node_mo ...
+ ~~~~~~~~~~~~~~~~~~~~~~~~~~~~~~~~~~
~~~~~~~~~~~~~~~~~~~~~~~~~~~~~~~~~~~
    + CategoryInfo          : NotSp 
   ecified: (Unhandled error...ine  
   1 column 2):String) [], Remote   
 Exception
    + FullyQualifiedErrorId : Nativ 
   eCommandError
 
    at JSON.parse (<anonymous>)
    at file:///D:/CBL%20Platform%20P
roject/caseflow/node_modules/hono/di
st/request.js:118:57
    at 
process.processTicksAndRejections (n
ode:internal/process/task_queues:104
:5)
    at async <anonymous> (D:\CBL 
Platform Project\caseflow\apps\api\s
rc\routes\auth.ts:86:16)
    at async dispatch (file:///D:/CB
L%20Platform%20Project/caseflow/node
_modules/hono/dist/compose.js:22:17)
    at async cors2 (file:///D:/CBL%2
0Platform%20Project/caseflow/node_mo
dules/hono/dist/middleware/cors/inde
x.js:79:5)
    at async dispatch (file:///D:/CB
L%20Platform%20Project/caseflow/node
_modules/hono/dist/compose.js:22:17)
    at async logger2 (file:///D:/CBL
%20Platform%20Project/caseflow/node_
modules/hono/dist/middleware/logger/
index.js:38:5)
    at async dispatch (file:///D:/CB
L%20Platform%20Project/caseflow/node
_modules/hono/dist/compose.js:22:17)
    at async file:///D:/CBL%20Platfo
rm%20Project/caseflow/node_modules/h
ono/dist/hono-base.js:301:25
--> POST /auth/login [31m500[0m 12ms
